// Jest Snapshot v1, https://goo.gl/fbAQLP

exports[`App Snapshot 1`] = `
<div
  className="App"
>
  <header
    className="App__header"
  >
    <h1>
      simple loan calculator
    </h1>
  </header>
  <main
    className="App__main"
  >
    <form
      className="App__form"
    >
      <div
        className="App__radio-wrapper"
      >
        <label
          className="App__radio"
        >
          Housing loan
          <input
            checked={true}
            disabled={false}
            name="housing"
            onChange={[Function]}
            type="checkbox"
          />
        </label>
        <label
          className="App__radio"
        >
          Car loan
          <input
            checked={false}
            disabled={false}
            name="car"
            onChange={[Function]}
            type="checkbox"
          />
        </label>
      </div>
      <div
        className="App__input-wrapper"
      >
        <label
          className="App__input"
        >
          Desired amount:
          <input
            className="App__input-box"
            disabled={false}
            onChange={[Function]}
            type="number"
            value={0}
          />
        </label>
        <label
          className="App__input"
        >
          Payback time (in years):
          <input
            className="App__input-box"
            disabled={false}
            onChange={[Function]}
            type="number"
            value={0}
          />
        </label>
      </div>
      <div
        className="App__radio-wrapper"
      >
        <label
          className="App__radio"
        >
          Declining instalments
          <input
            checked={false}
            disabled={false}
            name="declining"
            onChange={[Function]}
            type="checkbox"
          />
        </label>
        <label
          className="App__radio"
        >
          Fixed instalments
          <input
            checked={true}
            disabled={false}
            name="fixed"
            onChange={[Function]}
            type="checkbox"
          />
        </label>
      </div>
      <button
        className="App__btn"
        disabled={true}
        onClick={[Function]}
        type="submit"
      >
        calculate
      </button>
    </form>
  </main>
  <footer
    className="App__footer"
  >
    <p>
      made by EDR
    </p>
  </footer>
</div>
`;
