// Jest Snapshot v1, https://goo.gl/fbAQLP

exports[`Table Snapshot 1`] = `
<table
  className="Table"
>
  <thead>
    <tr>
      <td>
        Month
      </td>
      <td>
        Initial capital balance
      </td>
      <td>
        Payment of interest
      </td>
      <td>
        Credit repayment
      </td>
      <td>
        Full installment
      </td>
      <td>
        Remaining outstanding
      </td>
    </tr>
  </thead>
  <tbody>
    <tr>
      <td>
        1
      </td>
      <td>
        100000.00
      </td>
      <td>
        291.67
      </td>
      <td>
        4166.67
      </td>
      <td>
        4458.33
      </td>
      <td>
        95833.33
      </td>
    </tr>
    <tr>
      <td>
        2
      </td>
      <td>
        95833.33
      </td>
      <td>
        279.51
      </td>
      <td>
        4166.67
      </td>
      <td>
        4446.18
      </td>
      <td>
        91666.67
      </td>
    </tr>
    <tr>
      <td>
        3
      </td>
      <td>
        91666.67
      </td>
      <td>
        267.36
      </td>
      <td>
        4166.67
      </td>
      <td>
        4434.03
      </td>
      <td>
        87500.00
      </td>
    </tr>
    <tr>
      <td>
        4
      </td>
      <td>
        87500.00
      </td>
      <td>
        255.21
      </td>
      <td>
        4166.67
      </td>
      <td>
        4421.88
      </td>
      <td>
        83333.33
      </td>
    </tr>
    <tr>
      <td>
        5
      </td>
      <td>
        83333.33
      </td>
      <td>
        243.06
      </td>
      <td>
        4166.67
      </td>
      <td>
        4409.72
      </td>
      <td>
        79166.67
      </td>
    </tr>
    <tr>
      <td>
        6
      </td>
      <td>
        79166.67
      </td>
      <td>
        230.90
      </td>
      <td>
        4166.67
      </td>
      <td>
        4397.57
      </td>
      <td>
        75000.00
      </td>
    </tr>
    <tr>
      <td>
        7
      </td>
      <td>
        75000.00
      </td>
      <td>
        218.75
      </td>
      <td>
        4166.67
      </td>
      <td>
        4385.42
      </td>
      <td>
        70833.33
      </td>
    </tr>
    <tr>
      <td>
        8
      </td>
      <td>
        70833.33
      </td>
      <td>
        206.60
      </td>
      <td>
        4166.67
      </td>
      <td>
        4373.26
      </td>
      <td>
        66666.67
      </td>
    </tr>
    <tr>
      <td>
        9
      </td>
      <td>
        66666.67
      </td>
      <td>
        194.44
      </td>
      <td>
        4166.67
      </td>
      <td>
        4361.11
      </td>
      <td>
        62500.00
      </td>
    </tr>
    <tr>
      <td>
        10
      </td>
      <td>
        62500.00
      </td>
      <td>
        182.29
      </td>
      <td>
        4166.67
      </td>
      <td>
        4348.96
      </td>
      <td>
        58333.33
      </td>
    </tr>
    <tr>
      <td>
        11
      </td>
      <td>
        58333.33
      </td>
      <td>
        170.14
      </td>
      <td>
        4166.67
      </td>
      <td>
        4336.81
      </td>
      <td>
        54166.67
      </td>
    </tr>
    <tr>
      <td>
        12
      </td>
      <td>
        54166.67
      </td>
      <td>
        157.99
      </td>
      <td>
        4166.67
      </td>
      <td>
        4324.65
      </td>
      <td>
        50000.00
      </td>
    </tr>
    <tr>
      <td>
        13
      </td>
      <td>
        50000.00
      </td>
      <td>
        145.83
      </td>
      <td>
        4166.67
      </td>
      <td>
        4312.50
      </td>
      <td>
        45833.33
      </td>
    </tr>
    <tr>
      <td>
        14
      </td>
      <td>
        45833.33
      </td>
      <td>
        133.68
      </td>
      <td>
        4166.67
      </td>
      <td>
        4300.35
      </td>
      <td>
        41666.67
      </td>
    </tr>
    <tr>
      <td>
        15
      </td>
      <td>
        41666.67
      </td>
      <td>
        121.53
      </td>
      <td>
        4166.67
      </td>
      <td>
        4288.19
      </td>
      <td>
        37500.00
      </td>
    </tr>
    <tr>
      <td>
        16
      </td>
      <td>
        37500.00
      </td>
      <td>
        109.37
      </td>
      <td>
        4166.67
      </td>
      <td>
        4276.04
      </td>
      <td>
        33333.33
      </td>
    </tr>
    <tr>
      <td>
        17
      </td>
      <td>
        33333.33
      </td>
      <td>
        97.22
      </td>
      <td>
        4166.67
      </td>
      <td>
        4263.89
      </td>
      <td>
        29166.67
      </td>
    </tr>
    <tr>
      <td>
        18
      </td>
      <td>
        29166.67
      </td>
      <td>
        85.07
      </td>
      <td>
        4166.67
      </td>
      <td>
        4251.74
      </td>
      <td>
        25000.00
      </td>
    </tr>
    <tr>
      <td>
        19
      </td>
      <td>
        25000.00
      </td>
      <td>
        72.92
      </td>
      <td>
        4166.67
      </td>
      <td>
        4239.58
      </td>
      <td>
        20833.33
      </td>
    </tr>
    <tr>
      <td>
        20
      </td>
      <td>
        20833.33
      </td>
      <td>
        60.76
      </td>
      <td>
        4166.67
      </td>
      <td>
        4227.43
      </td>
      <td>
        16666.67
      </td>
    </tr>
    <tr>
      <td>
        21
      </td>
      <td>
        16666.67
      </td>
      <td>
        48.61
      </td>
      <td>
        4166.67
      </td>
      <td>
        4215.28
      </td>
      <td>
        12500.00
      </td>
    </tr>
    <tr>
      <td>
        22
      </td>
      <td>
        12500.00
      </td>
      <td>
        36.46
      </td>
      <td>
        4166.67
      </td>
      <td>
        4203.13
      </td>
      <td>
        8333.33
      </td>
    </tr>
    <tr>
      <td>
        23
      </td>
      <td>
        8333.33
      </td>
      <td>
        24.31
      </td>
      <td>
        4166.67
      </td>
      <td>
        4190.97
      </td>
      <td>
        4166.67
      </td>
    </tr>
    <tr>
      <td>
        24
      </td>
      <td>
        4166.67
      </td>
      <td>
        12.15
      </td>
      <td>
        4166.67
      </td>
      <td>
        4178.82
      </td>
      <td>
        -0.00
      </td>
    </tr>
  </tbody>
</table>
`;
