// Jest Snapshot v1, https://goo.gl/fbAQLP

exports[`Table Snapshot 1`] = `
<table
  className="Table"
>
  <thead>
    <tr>
      <td>
        Month
      </td>
      <td>
        Initial capital balance
      </td>
      <td>
        Payment of interest
      </td>
      <td>
        Credit repayment
      </td>
      <td>
        Full installment
      </td>
      <td>
        Remaining outstanding
      </td>
    </tr>
  </thead>
  <tbody>
    <tr>
      <td>
        1
      </td>
      <td>
        100000.00
      </td>
      <td>
        291.67
      </td>
      <td>
        4028.60
      </td>
      <td>
        4320.27
      </td>
      <td>
        95971.40
      </td>
    </tr>
    <tr>
      <td>
        2
      </td>
      <td>
        95971.40
      </td>
      <td>
        279.92
      </td>
      <td>
        4040.35
      </td>
      <td>
        4320.27
      </td>
      <td>
        91931.04
      </td>
    </tr>
    <tr>
      <td>
        3
      </td>
      <td>
        91931.04
      </td>
      <td>
        268.13
      </td>
      <td>
        4052.14
      </td>
      <td>
        4320.27
      </td>
      <td>
        87878.91
      </td>
    </tr>
    <tr>
      <td>
        4
      </td>
      <td>
        87878.91
      </td>
      <td>
        256.31
      </td>
      <td>
        4063.96
      </td>
      <td>
        4320.27
      </td>
      <td>
        83814.95
      </td>
    </tr>
    <tr>
      <td>
        5
      </td>
      <td>
        83814.95
      </td>
      <td>
        244.46
      </td>
      <td>
        4075.81
      </td>
      <td>
        4320.27
      </td>
      <td>
        79739.14
      </td>
    </tr>
    <tr>
      <td>
        6
      </td>
      <td>
        79739.14
      </td>
      <td>
        232.57
      </td>
      <td>
        4087.70
      </td>
      <td>
        4320.27
      </td>
      <td>
        75651.44
      </td>
    </tr>
    <tr>
      <td>
        7
      </td>
      <td>
        75651.44
      </td>
      <td>
        220.65
      </td>
      <td>
        4099.62
      </td>
      <td>
        4320.27
      </td>
      <td>
        71551.82
      </td>
    </tr>
    <tr>
      <td>
        8
      </td>
      <td>
        71551.82
      </td>
      <td>
        208.69
      </td>
      <td>
        4111.58
      </td>
      <td>
        4320.27
      </td>
      <td>
        67440.24
      </td>
    </tr>
    <tr>
      <td>
        9
      </td>
      <td>
        67440.24
      </td>
      <td>
        196.70
      </td>
      <td>
        4123.57
      </td>
      <td>
        4320.27
      </td>
      <td>
        63316.68
      </td>
    </tr>
    <tr>
      <td>
        10
      </td>
      <td>
        63316.68
      </td>
      <td>
        184.67
      </td>
      <td>
        4135.60
      </td>
      <td>
        4320.27
      </td>
      <td>
        59181.08
      </td>
    </tr>
    <tr>
      <td>
        11
      </td>
      <td>
        59181.08
      </td>
      <td>
        172.61
      </td>
      <td>
        4147.66
      </td>
      <td>
        4320.27
      </td>
      <td>
        55033.42
      </td>
    </tr>
    <tr>
      <td>
        12
      </td>
      <td>
        55033.42
      </td>
      <td>
        160.51
      </td>
      <td>
        4159.76
      </td>
      <td>
        4320.27
      </td>
      <td>
        50873.66
      </td>
    </tr>
    <tr>
      <td>
        13
      </td>
      <td>
        50873.66
      </td>
      <td>
        148.38
      </td>
      <td>
        4171.89
      </td>
      <td>
        4320.27
      </td>
      <td>
        46701.78
      </td>
    </tr>
    <tr>
      <td>
        14
      </td>
      <td>
        46701.78
      </td>
      <td>
        136.21
      </td>
      <td>
        4184.06
      </td>
      <td>
        4320.27
      </td>
      <td>
        42517.72
      </td>
    </tr>
    <tr>
      <td>
        15
      </td>
      <td>
        42517.72
      </td>
      <td>
        124.01
      </td>
      <td>
        4196.26
      </td>
      <td>
        4320.27
      </td>
      <td>
        38321.46
      </td>
    </tr>
    <tr>
      <td>
        16
      </td>
      <td>
        38321.46
      </td>
      <td>
        111.77
      </td>
      <td>
        4208.50
      </td>
      <td>
        4320.27
      </td>
      <td>
        34112.96
      </td>
    </tr>
    <tr>
      <td>
        17
      </td>
      <td>
        34112.96
      </td>
      <td>
        99.50
      </td>
      <td>
        4220.77
      </td>
      <td>
        4320.27
      </td>
      <td>
        29892.19
      </td>
    </tr>
    <tr>
      <td>
        18
      </td>
      <td>
        29892.19
      </td>
      <td>
        87.19
      </td>
      <td>
        4233.08
      </td>
      <td>
        4320.27
      </td>
      <td>
        25659.10
      </td>
    </tr>
    <tr>
      <td>
        19
      </td>
      <td>
        25659.10
      </td>
      <td>
        74.84
      </td>
      <td>
        4245.43
      </td>
      <td>
        4320.27
      </td>
      <td>
        21413.67
      </td>
    </tr>
    <tr>
      <td>
        20
      </td>
      <td>
        21413.67
      </td>
      <td>
        62.46
      </td>
      <td>
        4257.81
      </td>
      <td>
        4320.27
      </td>
      <td>
        17155.86
      </td>
    </tr>
    <tr>
      <td>
        21
      </td>
      <td>
        17155.86
      </td>
      <td>
        50.04
      </td>
      <td>
        4270.23
      </td>
      <td>
        4320.27
      </td>
      <td>
        12885.63
      </td>
    </tr>
    <tr>
      <td>
        22
      </td>
      <td>
        12885.63
      </td>
      <td>
        37.58
      </td>
      <td>
        4282.69
      </td>
      <td>
        4320.27
      </td>
      <td>
        8602.94
      </td>
    </tr>
    <tr>
      <td>
        23
      </td>
      <td>
        8602.94
      </td>
      <td>
        25.09
      </td>
      <td>
        4295.18
      </td>
      <td>
        4320.27
      </td>
      <td>
        4307.76
      </td>
    </tr>
    <tr>
      <td>
        24
      </td>
      <td>
        4307.76
      </td>
      <td>
        12.56
      </td>
      <td>
        4307.71
      </td>
      <td>
        4320.27
      </td>
      <td>
        0.05
      </td>
    </tr>
  </tbody>
</table>
`;
